"Fibonacci numbers"
TokIntType t
TokIntType i
TokIntType n
TokIntType t1
TokIntType t2
i = 1
t1 = 0
t2 = 1
Write: "n: "
Read n
TokWhile (i TokLeqOp n)
    Write: t1 + " "
    t = t1 + t2
    t2 = t1
    t = t2
    i = i + 1
