<
!
Doctype
Html
>
<
Html
Lang
=
"
Identifier|en|
"
>
<
Head
>
<
Title
>
StringConst|Factorial|
<
/
Title
>
<
/
Head
>
<
Body
>
<
Main
>
<
Var
Class
=
"
Identifier|integer|
"
>
Identifier|quit|
<
/
Var
>
<
Div
Data
-
While
=
"
Identifier|quit|
NeqOp
IntConst|1|
"
>
<
Var
Class
=
"
Identifier|integer|
"
>
Identifier|n|
<
/
Var
>
<
Var
Class
=
"
Identifier|integer|
"
>
Identifier|i|
<
/
Var
>
<
Var
Class
=
"
Identifier|integer|
"
>
Identifier|fact|
<
/
Var
>
<
Data
Value
=
"
IntConst|1|
"
>
Identifier|i|
<
/
Data
>
<
Data
Value
=
"
IntConst|1|
"
>
Identifier|fact|
<
/
Data
>
<
Output
>
StringConst|n: |
<
/
Output
>
<
Input
Name
=
"
Identifier|n|
"
>
<
Div
Data
-
While
=
"
Identifier|i|
LeqOp
Identifier|n|
"
>
<
Data
Value
=
"
Identifier|fact|
*
Identifier|i|
"
>
Identifier|fact|
<
/
Data
>
<
Data
Value
=
"
Identifier|i|
+
IntConst|1|
"
>
Identifier|i|
<
/
Data
>
<
/
Div
>
<
Output
>
StringConst|Factorial of |
+
Identifier|n|
+
StringConst| is |
+
Identifier|fact|
<
/
Output
>
<
Output
>
StringConst|\nType 1 to quit: |
<
/
Output
>
<
Input
Name
=
"
Identifier|quit|
"
>
<
/
Div
>
<
/
Main
>
<
/
Body
>
<
/
Html
>
