<
!
Doctype
Html
>
<
Html
Lang
=
"
Identifier|en|
"
>
<
Head
>
<
Title
>
StringConst|Hello World|
<
/
Title
>
<
/
Head
>
<
Body
>
<
Main
>
<
Output
>
StringConst|Enter your name: |
<
/
Output
>
<
Var
Class
=
"
Identifier|string|
"
>
Identifier|str|
<
/
Var
>
<
Input
Name
=
"
Identifier|str|
"
>
<
Output
>
StringConst|Hello |
+
Identifier|str|
+
StringConst|!|
<
/
Output
>
<
/
Main
>
<
/
Body
>
<
/
Html
>
