<
!
Doctype
Html
>
<
Html
Lang
=
"
Identifier|en|
"
>
<
Head
>
<
Title
>
StringConst|Leap Year|
<
/
Title
>
<
/
Head
>
<
Body
>
<
Main
>
<
Var
Class
=
"
Identifier|integer|
"
>
Identifier|quit|
<
/
Var
>
<
Div
Data
-
While
=
"
Identifier|quit|
NeqOp
IntConst|1|
"
>
<
Var
Class
=
"
Identifier|integer|
"
>
Identifier|year|
<
/
Var
>
<
Var
Class
=
"
Identifier|boolean|
"
>
Identifier|answer|
<
/
Var
>
<
Output
>
StringConst|year: |
<
/
Output
>
<
Input
Name
=
"
Identifier|year|
"
>
<
Div
Data
-
If
=
"
Identifier|year|
%
IntConst|4|
EqOp
IntConst|0|
"
>
<
Div
Data
-
If
=
"
Identifier|year|
%
IntConst|100|
NeqOp
IntConst|0|
"
>
<
Data
Value
=
"
BoolConst|true|
"
>
Identifier|answer|
<
/
Data
>
<
/
Div
>
<
Div
Data
-
If
=
"
Identifier|year|
%
IntConst|400|
EqOp
IntConst|0|
"
>
<
Data
Value
=
"
BoolConst|true|
"
>
Identifier|answer|
<
/
Data
>
<
/
Div
>
<
/
Div
>
<
Div
Data
-
If
=
"
Identifier|answer|
"
>
<
Output
>
Identifier|year|
+
StringConst| is leap year|
<
/
Output
>
<
/
Div
>
<
Div
Data
-
If
=
"
!
Identifier|answer|
"
>
<
Output
>
Identifier|year|
+
StringConst| is not leap year|
<
/
Output
>
<
/
Div
>
<
Output
>
StringConst|\nType 1 to quit: |
<
/
Output
>
<
Input
Name
=
"
Identifier|quit|
"
>
<
/
Div
>
<
/
Main
>
<
/
Body
>
<
/
Html
>
