<
!
Doctype
Html
>
<
Html
Lang
=
"
Identifier|en|
"
>
<
Head
>
<
Title
>
StringConst|Prime Checker|
<
/
Title
>
<
/
Head
>
<
Body
>
<
Main
>
<
Var
Class
=
"
Identifier|integer|
"
>
Identifier|quit|
<
/
Var
>
<
Div
Data
-
While
=
"
Identifier|quit|
NeqOp
IntConst|1|
"
>
<
Var
Class
=
"
Identifier|integer|
"
>
Identifier|n|
<
/
Var
>
<
Var
Class
=
"
Identifier|integer|
"
>
Identifier|i|
<
/
Var
>
<
Var
Class
=
"
Identifier|boolean|
"
>
Identifier|prime|
<
/
Var
>
<
Output
>
StringConst|n: |
<
/
Output
>
<
Input
Name
=
"
Identifier|n|
"
>
<
Data
Value
=
"
IntConst|2|
"
>
Identifier|i|
<
/
Data
>
<
Data
Value
=
"
BoolConst|true|
"
>
Identifier|prime|
<
/
Data
>
<
Div
Data
-
While
=
"
Identifier|i|
LeqOp
Identifier|n|
/
IntConst|2|
AndOp
Identifier|prime|
"
>
<
Div
Data
-
If
=
"
Identifier|n|
%
Identifier|i|
EqOp
IntConst|0|
"
>
<
Data
Value
=
"
BoolConst|false|
"
>
Identifier|prime|
<
/
Data
>
<
/
Div
>
<
Data
Value
=
"
Identifier|i|
+
IntConst|1|
"
>
Identifier|i|
<
/
Data
>
<
/
Div
>
<
Div
Data
-
If
=
"
Identifier|prime|
"
>
<
Output
>
Identifier|n|
+
StringConst| is prime|
<
/
Output
>
<
/
Div
>
<
Div
Data
-
If
=
"
!
Identifier|prime|
"
>
<
Output
>
Identifier|n|
+
StringConst| is not prime|
<
/
Output
>
<
/
Div
>
<
Output
>
StringConst|\nType 1 to quit: |
<
/
Output
>
<
Input
Name
=
"
Identifier|quit|
"
>
<
/
Div
>
<
/
Main
>
<
/
Body
>
<
/
Html
>
