<
!
Doctype
Html
>
<
Html
Lang
=
"
Identifier|en|
"
>
<
Head
>
<
Title
>
StringConst|Scopes Test|
<
/
Title
>
<
/
Head
>
<
Body
>
<
Main
>
<
Var
Class
=
"
Identifier|integer|
"
>
Identifier|a|
<
/
Var
>
<
Data
Value
=
"
IntConst|1|
"
>
Identifier|a|
<
/
Data
>
<
Output
>
Identifier|a|
+
StringConst|\n|
<
/
Output
>
<
Div
Data
-
If
=
"
BoolConst|true|
"
>
<
Div
Data
-
If
=
"
BoolConst|true|
"
>
<
Var
Class
=
"
Identifier|integer|
"
>
Identifier|a|
<
/
Var
>
<
Data
Value
=
"
IntConst|3|
"
>
Identifier|a|
<
/
Data
>
<
Output
>
Identifier|a|
+
StringConst|\n|
<
/
Output
>
<
/
Div
>
<
Output
>
Identifier|a|
+
StringConst|\n|
<
/
Output
>
<
Var
Class
=
"
Identifier|integer|
"
>
Identifier|a|
<
/
Var
>
<
Data
Value
=
"
IntConst|2|
"
>
Identifier|a|
<
/
Data
>
<
Output
>
Identifier|a|
+
StringConst|\n|
<
/
Output
>
<
/
Div
>
<
/
Main
>
<
/
Body
>
<
/
Html
>
