"Hello World"
Main:
    Write: "Enter your name: "
    string str
    Read str
    Write: "Hello " + str + "!"
